
Discarded input sections

 .data          0x00000000        0x0 ..\obj\stm32f4xx_gpio.o
 .bss           0x00000000        0x0 ..\obj\stm32f4xx_gpio.o
 .data          0x00000000        0x0 ..\obj\startup_stm32f4xx.o
 .bss           0x00000000        0x0 ..\obj\startup_stm32f4xx.o
 .bss           0x00000000        0x0 ..\obj\stm32f4xx_rcc.o
 .text          0x00000000      0x244 ..\obj\system_stm32f4xx.o
 .data          0x00000000       0x14 ..\obj\system_stm32f4xx.o
 .bss           0x00000000        0x0 ..\obj\system_stm32f4xx.o
 .debug_info    0x00000000      0x592 ..\obj\system_stm32f4xx.o
 .debug_abbrev  0x00000000      0x136 ..\obj\system_stm32f4xx.o
 .debug_aranges
                0x00000000       0x20 ..\obj\system_stm32f4xx.o
 .debug_line    0x00000000      0x1d3 ..\obj\system_stm32f4xx.o
 .debug_str     0x00000000      0x38f ..\obj\system_stm32f4xx.o
 .comment       0x00000000       0x71 ..\obj\system_stm32f4xx.o
 .debug_frame   0x00000000       0x7c ..\obj\system_stm32f4xx.o
 .ARM.attributes
                0x00000000       0x33 ..\obj\system_stm32f4xx.o
 .data          0x00000000        0x0 ..\obj\main.o
 .bss           0x00000000        0x0 ..\obj\main.o

Memory Configuration

Name             Origin             Length             Attributes
rom              0x08000000         0x00040000         xr
ram              0x20000000         0x00010000         xrw
*default*        0x00000000         0xffffffff

Linker script and memory map

                0x20010000                _eram = 0x20010000

.text           0x08000000     0x1168
 *(.isr_vector)
 .isr_vector    0x08000000      0x188 ..\obj\startup_stm32f4xx.o
                0x08000000                g_pfnVectors
 *(.text*)
 .text          0x08000188      0x48c ..\obj\stm32f4xx_gpio.o
                0x08000188                GPIO_DeInit
                0x080002a8                GPIO_Init
                0x080003c4                GPIO_StructInit
                0x080003f8                GPIO_PinLockConfig
                0x0800043c                GPIO_ReadInputDataBit
                0x08000470                GPIO_ReadInputData
                0x0800048c                GPIO_ReadOutputDataBit
                0x080004c0                GPIO_ReadOutputData
                0x080004dc                GPIO_SetBits
                0x080004f8                GPIO_ResetBits
                0x08000514                GPIO_WriteBit
                0x08000544                GPIO_Write
                0x08000560                GPIO_ToggleBits
                0x08000584                GPIO_PinAFConfig
 .text          0x08000614       0x60 ..\obj\startup_stm32f4xx.o
                0x08000614                Default_Reset_Handler
                0x08000614                Reset_Handler
                0x08000664                EXTI2_IRQHandler
                0x08000664                TIM8_CC_IRQHandler
                0x08000664                DebugMon_Handler
                0x08000664                TIM1_CC_IRQHandler
                0x08000664                DMA2_Stream5_IRQHandler
                0x08000664                HardFault_Handler
                0x08000664                DMA1_Stream5_IRQHandler
                0x08000664                SysTick_Handler
                0x08000664                PVD_IRQHandler
                0x08000664                SDIO_IRQHandler
                0x08000664                TAMP_STAMP_IRQHandler
                0x08000664                PendSV_Handler
                0x08000664                NMI_Handler
                0x08000664                CAN2_RX1_IRQHandler
                0x08000664                EXTI3_IRQHandler
                0x08000664                TIM8_TRG_COM_TIM14_IRQHandler
                0x08000664                TIM1_UP_TIM10_IRQHandler
                0x08000664                TIM8_UP_TIM13_IRQHandler
                0x08000664                HASH_RNG_IRQHandler
                0x08000664                EXTI0_IRQHandler
                0x08000664                I2C2_EV_IRQHandler
                0x08000664                DMA1_Stream2_IRQHandler
                0x08000664                CAN1_RX0_IRQHandler
                0x08000664                FPU_IRQHandler
                0x08000664                OTG_HS_WKUP_IRQHandler
                0x08000664                UsageFault_Handler
                0x08000664                CAN2_SCE_IRQHandler
                0x08000664                DMA2_Stream2_IRQHandler
                0x08000664                SPI1_IRQHandler
                0x08000664                TIM6_DAC_IRQHandler
                0x08000664                TIM1_BRK_TIM9_IRQHandler
                0x08000664                DCMI_IRQHandler
                0x08000664                CAN2_RX0_IRQHandler
                0x08000664                DMA2_Stream3_IRQHandler
                0x08000664                USART6_IRQHandler
                0x08000664                USART3_IRQHandler
                0x08000664                CRYP_IRQHandler
                0x08000664                I2C3_ER_IRQHandler
                0x08000664                CAN1_RX1_IRQHandler
                0x08000664                UART5_IRQHandler
                0x08000664                DMA2_Stream0_IRQHandler
                0x08000664                TIM4_IRQHandler
                0x08000664                I2C1_EV_IRQHandler
                0x08000664                DMA1_Stream6_IRQHandler
                0x08000664                DMA1_Stream1_IRQHandler
                0x08000664                UART4_IRQHandler
                0x08000664                TIM3_IRQHandler
                0x08000664                RCC_IRQHandler
                0x08000664                TIM8_BRK_TIM12_IRQHandler
                0x08000664                EXTI15_10_IRQHandler
                0x08000664                ADC_IRQHandler
                0x08000664                RTC_Alarm_IRQHandler
                0x08000664                DMA1_Stream7_IRQHandler
                0x08000664                TIM7_IRQHandler
                0x08000664                CAN2_TX_IRQHandler
                0x08000664                TIM5_IRQHandler
                0x08000664                DMA2_Stream7_IRQHandler
                0x08000664                I2C3_EV_IRQHandler
                0x08000664                EXTI9_5_IRQHandler
                0x08000664                RTC_WKUP_IRQHandler
                0x08000664                ETH_WKUP_IRQHandler
                0x08000664                SPI2_IRQHandler
                0x08000664                OTG_HS_EP1_IN_IRQHandler
                0x08000664                MemManage_Handler
                0x08000664                DMA1_Stream0_IRQHandler
                0x08000664                CAN1_TX_IRQHandler
                0x08000664                SVC_Handler
                0x08000664                EXTI4_IRQHandler
                0x08000664                FSMC_IRQHandler
                0x08000664                ETH_IRQHandler
                0x08000664                OTG_HS_EP1_OUT_IRQHandler
                0x08000664                WWDG_IRQHandler
                0x08000664                TIM2_IRQHandler
                0x08000664                OTG_FS_WKUP_IRQHandler
                0x08000664                TIM1_TRG_COM_TIM11_IRQHandler
                0x08000664                OTG_HS_IRQHandler
                0x08000664                EXTI1_IRQHandler
                0x08000664                USART2_IRQHandler
                0x08000664                I2C2_ER_IRQHandler
                0x08000664                DMA2_Stream1_IRQHandler
                0x08000664                CAN1_SCE_IRQHandler
                0x08000664                FLASH_IRQHandler
                0x08000664                DMA2_Stream4_IRQHandler
                0x08000664                BusFault_Handler
                0x08000664                USART1_IRQHandler
                0x08000664                OTG_FS_IRQHandler
                0x08000664                SPI3_IRQHandler
                0x08000664                DMA1_Stream4_IRQHandler
                0x08000664                I2C1_ER_IRQHandler
                0x08000664                DMA2_Stream6_IRQHandler
                0x08000664                DMA1_Stream3_IRQHandler
 .text          0x08000674      0xa80 ..\obj\stm32f4xx_rcc.o
                0x08000674                RCC_DeInit
                0x080006c4                RCC_HSEConfig
                0x080006e8                RCC_WaitForHSEStartUp
                0x08000738                RCC_AdjustHSICalibrationValue
                0x08000774                RCC_HSICmd
                0x08000794                RCC_LSEConfig
                0x080007d4                RCC_LSICmd
                0x080007f4                RCC_PLLConfig
                0x08000830                RCC_PLLCmd
                0x08000850                RCC_PLLI2SConfig
                0x08000878                RCC_PLLI2SCmd
                0x08000898                RCC_ClockSecuritySystemCmd
                0x080008b8                RCC_MCO1Config
                0x080008f4                RCC_MCO2Config
                0x08000930                RCC_SYSCLKConfig
                0x08000968                RCC_GetSYSCLKSource
                0x08000988                RCC_HCLKConfig
                0x080009c0                RCC_PCLK1Config
                0x080009f8                RCC_PCLK2Config
                0x08000a30                RCC_GetClocksFreq
                0x08000b84                RCC_RTCCLKConfig
                0x08000be0                RCC_RTCCLKCmd
                0x08000c00                RCC_BackupResetCmd
                0x08000c20                RCC_I2SCLKConfig
                0x08000c3c                RCC_AHB1PeriphClockCmd
                0x08000c78                RCC_AHB2PeriphClockCmd
                0x08000cb4                RCC_AHB3PeriphClockCmd
                0x08000cf0                RCC_APB1PeriphClockCmd
                0x08000d2c                RCC_APB2PeriphClockCmd
                0x08000d68                RCC_AHB1PeriphResetCmd
                0x08000da4                RCC_AHB2PeriphResetCmd
                0x08000de0                RCC_AHB3PeriphResetCmd
                0x08000e1c                RCC_APB1PeriphResetCmd
                0x08000e58                RCC_APB2PeriphResetCmd
                0x08000e94                RCC_AHB1PeriphClockLPModeCmd
                0x08000ed0                RCC_AHB2PeriphClockLPModeCmd
                0x08000f0c                RCC_AHB3PeriphClockLPModeCmd
                0x08000f48                RCC_APB1PeriphClockLPModeCmd
                0x08000f84                RCC_APB2PeriphClockLPModeCmd
                0x08000fc0                RCC_ITConfig
                0x0800100c                RCC_GetFlagStatus
                0x08001080                RCC_ClearFlag
                0x0800109c                RCC_GetITStatus
                0x080010d4                RCC_ClearITPendingBit
 .text          0x080010f4       0x74 ..\obj\main.o
                0x080010f4                main
 *(.init)
 *(.fini)
 *crtbegin.o(.ctors)
 *crtbegin?.o(.ctors)
 *(EXCLUDE_FILE(*crtend.o *crtend?.o) .ctors)
 *(SORT(.ctors.*))
 *(.ctors)
 *crtbegin.o(.dtors)
 *crtbegin?.o(.dtors)
 *(EXCLUDE_FILE(*crtend.o *crtend?.o) .dtors)
 *(SORT(.dtors.*))
 *(.dtors)
 *(.rodata*)
 *(.eh_fram e*)

.glue_7         0x08001168        0x0
 .glue_7        0x00000000        0x0 linker stubs

.glue_7t        0x08001168        0x0
 .glue_7t       0x00000000        0x0 linker stubs

.vfp11_veneer   0x08001168        0x0
 .vfp11_veneer  0x00000000        0x0 linker stubs

.v4_bx          0x08001168        0x0
 .v4_bx         0x00000000        0x0 linker stubs

.iplt           0x08001168        0x0
 .iplt          0x00000000        0x0 ..\obj\stm32f4xx_gpio.o

.rel.dyn        0x08001168        0x0
 .rel.iplt      0x00000000        0x0 ..\obj\stm32f4xx_gpio.o

.ARM.extab
 *(.ARM.extab* .gnu.linkonce.armextab.*)
                0x08001168                __exidx_start = .

.ARM.exidx
 *(.ARM.exidx* .gnu.linkonce.armexidx.*)
                0x08001168                __exidx_end = .
                0x08001168                __etext = .
                0x08001168                _sidata = __etext

.data           0x20000000       0x10 load address 0x08001168
                0x20000000                __data_start__ = .
                0x20000000                _sdata = __data_start__
 *(vtable)
 *(.data*)
 .data          0x20000000       0x10 ..\obj\stm32f4xx_rcc.o
                0x20000010                . = ALIGN (0x4)
                0x20000010                PROVIDE (__preinit_array_start, .)
 *(.preinit_array)
                0x20000010                PROVIDE (__preinit_array_end, .)
                0x20000010                . = ALIGN (0x4)
                0x20000010                PROVIDE (__init_array_start, .)
 *(SORT(.init_array.*))
 *(.init_array)
                0x20000010                PROVIDE (__init_array_end, .)
                0x20000010                . = ALIGN (0x4)
                0x20000010                PROVIDE (__fini_array_start, .)
 *(SORT(.fini_array.*))
 *(.fini_array)
                0x20000010                PROVIDE (__fini_array_end, .)
 *(.jcr*)
                0x20000010                . = ALIGN (0x4)
                0x20000010                __data_end__ = .
                0x20000010                _edata = __data_end__

.igot.plt       0x20000010        0x0 load address 0x08001178
 .igot.plt      0x00000000        0x0 ..\obj\stm32f4xx_gpio.o

.bss            0x20000010        0x0
                0x20000010                . = ALIGN (0x4)
                0x20000010                __bss_start__ = .
                0x20000010                _sbss = __bss_start__
 *(.bss*)
 *(COMMON)
                0x20000010                . = ALIGN (0x4)
                0x20000010                __bss_end__ = .
                0x20000010                _ebss = __bss_end__

.heap           0x20000010        0x0
                0x20000010                __end__ = .
                0x20000010                _end = __end__
                0x20000010                end = __end__
 *(.heap*)
                0x20000010                __HeapLimit = .

.co_stack       0x20000010      0x800 load address 0x08001178
                0x20000010                . = ALIGN (0x8)
 *(.co_stack .co_stack.*)
 .co_stack      0x20000010      0x800 ..\obj\startup_stm32f4xx.o
                0x20000010                pulStack
                0x20010000                __StackTop = (ORIGIN (ram) + 0x10000)
                0x2000f800                __StackLimit = (__StackTop - SIZEOF (.co_stack))
                0x20010000                PROVIDE (__stack, __StackTop)
                0x00000001                ASSERT ((__StackLimit >= __HeapLimit), region ram  overflowed with stack)
LOAD ..\obj\stm32f4xx_gpio.o
LOAD ..\obj\startup_stm32f4xx.o
LOAD ..\obj\stm32f4xx_rcc.o
LOAD ..\obj\system_stm32f4xx.o
LOAD ..\obj\main.o
START GROUP
LOAD c:/program files (x86)/gnu tools arm embedded/4.9 2014q4/bin/../lib/gcc/arm-none-eabi/4.9.3/armv7e-m\libgcc.a
LOAD c:/program files (x86)/gnu tools arm embedded/4.9 2014q4/bin/../lib/gcc/arm-none-eabi/4.9.3/../../../../arm-none-eabi/lib/armv7e-m\libg.a
LOAD c:/program files (x86)/gnu tools arm embedded/4.9 2014q4/bin/../lib/gcc/arm-none-eabi/4.9.3/../../../../arm-none-eabi/lib/armv7e-m\libc.a
END GROUP
OUTPUT(Blink.elf elf32-littlearm)

.debug_info     0x00000000     0x1608
 .debug_info    0x00000000      0x602 ..\obj\stm32f4xx_gpio.o
 .debug_info    0x00000602       0xed ..\obj\startup_stm32f4xx.o
 .debug_info    0x000006ef      0xc4d ..\obj\stm32f4xx_rcc.o
 .debug_info    0x0000133c      0x2cc ..\obj\main.o

.debug_abbrev   0x00000000      0x546
 .debug_abbrev  0x00000000      0x1a3 ..\obj\stm32f4xx_gpio.o
 .debug_abbrev  0x000001a3       0xb0 ..\obj\startup_stm32f4xx.o
 .debug_abbrev  0x00000253      0x1e3 ..\obj\stm32f4xx_rcc.o
 .debug_abbrev  0x00000436      0x110 ..\obj\main.o

.debug_aranges  0x00000000       0x80
 .debug_aranges
                0x00000000       0x20 ..\obj\stm32f4xx_gpio.o
 .debug_aranges
                0x00000020       0x20 ..\obj\startup_stm32f4xx.o
 .debug_aranges
                0x00000040       0x20 ..\obj\stm32f4xx_rcc.o
 .debug_aranges
                0x00000060       0x20 ..\obj\main.o

.debug_line     0x00000000      0x85b
 .debug_line    0x00000000      0x285 ..\obj\stm32f4xx_gpio.o
 .debug_line    0x00000285       0x8d ..\obj\startup_stm32f4xx.o
 .debug_line    0x00000312      0x362 ..\obj\stm32f4xx_rcc.o
 .debug_line    0x00000674      0x1e7 ..\obj\main.o

.debug_str      0x00000000      0xb9e
 .debug_str     0x00000000      0x432 ..\obj\stm32f4xx_gpio.o
                                0x488 (size before relaxing)
 .debug_str     0x00000432       0xa8 ..\obj\startup_stm32f4xx.o
                                0x12c (size before relaxing)
 .debug_str     0x000004da      0x693 ..\obj\stm32f4xx_rcc.o
                                0x835 (size before relaxing)
 .debug_str     0x00000b6d       0x31 ..\obj\main.o
                                0x314 (size before relaxing)

.comment        0x00000000       0x70
 .comment       0x00000000       0x70 ..\obj\stm32f4xx_gpio.o
                                 0x71 (size before relaxing)
 .comment       0x00000000       0x71 ..\obj\startup_stm32f4xx.o
 .comment       0x00000000       0x71 ..\obj\stm32f4xx_rcc.o
 .comment       0x00000000       0x71 ..\obj\main.o

.ARM.attributes
                0x00000000       0x33
 .ARM.attributes
                0x00000000       0x33 ..\obj\stm32f4xx_gpio.o
 .ARM.attributes
                0x00000033       0x33 ..\obj\startup_stm32f4xx.o
 .ARM.attributes
                0x00000066       0x33 ..\obj\stm32f4xx_rcc.o
 .ARM.attributes
                0x00000099       0x33 ..\obj\main.o

.debug_frame    0x00000000      0x98c
 .debug_frame   0x00000000      0x23c ..\obj\stm32f4xx_gpio.o
 .debug_frame   0x0000023c       0x4c ..\obj\startup_stm32f4xx.o
 .debug_frame   0x00000288      0x6d4 ..\obj\stm32f4xx_rcc.o
 .debug_frame   0x0000095c       0x30 ..\obj\main.o
